addr  machine code       source
----  -----------------  ------
00    1101000001101111  D06F  addi $sp, $zero, 0b1111   ; auto: $sp init
01    1101000000010001  D011  addi $t0, $zero, 1
02    0110000001010000  6050  j three
03    1101000100010111  D117  addi $t0, $t0, 7
04    1101000100010111  D117  addi $t0, $t0, 7
                         three:
05    1101000100010010  D112  addi $t0, $t0, 2
06    0110000010000000  6080  j seven
07    1101000100010101  D115  addi $t0, $t0, 5
                         seven:
08    1111000100010010  F112  sll $t0, $t0, 2
09    0001000100010001  1111  srl $t0, $t0, 1
                         halt:
0A    0110000010100000  60A0  j halt

labels
  three        05
  seven        08
  halt         0A
